// Jest Snapshot v1, https://goo.gl/fbAQLP

exports[`Action creates an action instance with access to get 1`] = `
Object {
  "indexEntities": Array [
    Object {
      "entities": Array [
        Object {
          "id": 1,
          "name": "John",
        },
        Object {
          "id": undefined,
        },
      ],
      "entityName": "users",
    },
  ],
  "indexRelationships": Array [
    Object {
      "entityName": "users",
      "relationships": Object {
        "idValuePairs": Array [
          Object {
            "id": "1",
            "value": undefined,
          },
        ],
        "name": "friends",
      },
    },
  ],
}
`;
